[2026-09-09T10:40:40.021Z] [NOTIFICATION] To: ayesha@example.com | Subject: 🧁 SusatBakes Order Confirmation (#SB-440019) - Delivery on 2026-09-20

  <!DOCTYPE html>
  <html>
  <head>
    <meta charset="utf-8">
    <title>Your SusatBakes Pre-Order Confirmation</title>
  </head>
  <body style="background-color: #FDF0F5; font-family: 'Poppins', Helvetica, Arial, sans-serif; margin: 0; padding: 20px;">
    <table width="100%" border="0" cellspacing="0" cellpadding="0">
      <tr>
        <td align="center">
          <table width="600" style="background-color: #ffffff; border-radius: 24px; overflow: hidden; box-shadow: 0 4px 15px rgba(0,0,0,0.05); border: 1px solid #FCE4EC;" cellpadding="0" cellspacing="0">
            <tr>
              <td style="background-color: #4A2C2A; padding: 30px; text-align: center;">
                <h1 style="color: #ffffff; font-family: Georgia, serif; margin: 0; font-size: 26px;">🧁 SusatBakes</h1>
                <p style="color: #FF4DB2; margin: 5px 0 0 0; font-size: 12px; letter-spacing: 2px; text-transform: uppercase;">@susatbakes • Gujranwala</p>
              </td>
            </tr>

            <tr>
              <td style="padding: 30px 35px;">
                <h2 style="color: #4A2C2A; font-family: Georgia, serif; font-size: 20px; margin-top: 0;">
                  Thank You, Ayesha Malik! 🎉
                </h2>
                <p style="color: #7A4C4A; font-size: 13px; line-height: 1.6;">
                  We have received your pre-order. Our bakers will prepare your batch fresh in Gujranwala for your chosen bake date!
                </p>

                <div style="background-color: #FFF5F9; border-radius: 16px; padding: 20px; margin: 20px 0; border: 1px solid #FCE4EC;">
                  <table width="100%" style="font-size: 12px; color: #4A2C2A;">
                    <tr>
                      <td style="padding: 4px 0;"><strong>Order ID:</strong></td>
                      <td style="padding: 4px 0; text-align: right; color: #E6007E; font-weight: bold;">#SB-440019</td>
                    </tr>
                    <tr>
                      <td style="padding: 4px 0;"><strong>Bake Date:</strong></td>
                      <td style="padding: 4px 0; text-align: right;">2026-09-20</td>
                    </tr>
                    <tr>
                      <td style="padding: 4px 0;"><strong>Time Slot:</strong></td>
                      <td style="padding: 4px 0; text-align: right; text-transform: capitalize;">afternoon</td>
                    </tr>
                    <tr>
                      <td style="padding: 4px 0;"><strong>Delivery Address (Gujranwala):</strong></td>
                      <td style="padding: 4px 0; text-align: right;">DC Colony, Gujranwala</td>
                    </tr>
                    <tr>
                      <td style="padding: 4px 0;"><strong>Payment Method:</strong></td>
                      <td style="padding: 4px 0; text-align: right; font-weight: bold; color: #E6007E;">
                        JazzCash Advance Transfer (0308 4977958)
                      </td>
                    </tr>
                  </table>
                </div>

                <h3 style="color: #4A2C2A; font-size: 14px; margin-bottom: 10px;">Ordered Items:</h3>
                <table width="100%" style="font-size: 12px; border-collapse: collapse;">
                  <thead>
                    <tr style="border-bottom: 2px solid #E6007E; color: #4A2C2A; text-align: left;">
                      <th style="padding-bottom: 8px;">Item</th>
                      <th style="padding-bottom: 8px; text-align: center;">Qty</th>
                      <th style="padding-bottom: 8px; text-align: right;">Amount</th>
                    </tr>
                  </thead>
                  <tbody>
                    
      <tr style="border-bottom: 1px solid #FCE4EC;">
        <td style="padding: 10px 0; color: #4A2C2A;">
          <strong>Artisanal Brownies</strong> (Box of 6 - Salted Caramel)
          
        </td>
        <td style="padding: 10px 0; text-align: center; color: #4A2C2A;">1</td>
        <td style="padding: 10px 0; text-align: right; color: #4A2C2A; font-weight: bold;">
          Rs. 1,849
        </td>
      </tr>
                  </tbody>
                </table>

                <div style="text-align: right; margin-top: 20px; padding-top: 15px; border-top: 2px solid #4A2C2A;">
                  <span style="font-size: 14px; color: #7A4C4A;">Grand Total: </span>
                  <span style="font-size: 20px; font-weight: bold; color: #E6007E; font-family: Georgia, serif;">
                    Rs. 1,849
                  </span>
                </div>

                
                <div style="background-color: #FDF0F5; border-left: 4px solid #E6007E; padding: 15px; margin-top: 25px; border-radius: 8px;">
                  <p style="margin: 0; font-size: 12px; color: #4A2C2A;">
                    <strong>📱 JazzCash Advance Transfer:</strong> Please ensure your payment of <strong>Rs. 1,849</strong> has been transferred to <strong>0308 4977958</strong> (SusatBakes).
                  </p>
                </div>

                <div style="text-align: center; margin-top: 30px;">
                  <a href="https://wa.me/923706572463" style="background-color: #25D366; color: #ffffff; text-decoration: none; padding: 12px 25px; border-radius: 50px; font-size: 13px; font-weight: bold; display: inline-block;">
                    💬 Contact on WhatsApp (+92 370 6572463)
                  </a>
                </div>

              </td>
            </tr>

            <tr>
              <td style="background-color: #FFF5F9; padding: 20px; text-align: center; font-size: 11px; color: #7A4C4A; border-top: 1px solid #FCE4EC;">
                SusatBakes • Handcrafted Artisanal Bakery • Gujranwala, Pakistan<br>
                For changes, WhatsApp us at +92 370 6572463
              </td>
            </tr>
          </table>
        </td>
      </tr>
    </table>
  </body>
  </html>
  
------------------------------------------------------------
[2026-09-09T10:40:40.023Z] [NOTIFICATION] To: susatbakes@gmail.com | Subject: 🚨 New Pre-Order #SB-440019 (Rs. 1,849) - Ayesha Malik

  <!DOCTYPE html>
  <html>
  <head>
    <meta charset="utf-8">
    <title>🚨 NEW PRE-ORDER RECEIVED (#SB-440019)</title>
  </head>
  <body style="background-color: #FDF0F5; font-family: Helvetica, Arial, sans-serif; padding: 20px; color: #4A2C2A;">
    <div style="max-width: 600px; margin: 0 auto; background: #ffffff; border-radius: 16px; padding: 25px; border: 2px solid #E6007E;">
      <h2 style="color: #E6007E; margin-top: 0;">🚨 New Pre-Order Received! (#SB-440019)</h2>
      <p style="font-size: 14px;"><strong>Customer:</strong> Ayesha Malik</p>
      <p style="font-size: 14px;"><strong>Phone / WhatsApp:</strong> <a href="https://wa.me/923084977958">+92 308 4977958</a></p>
      <p style="font-size: 14px;"><strong>Email:</strong> ayesha@example.com</p>
      <p style="font-size: 14px;"><strong>Delivery Address (Gujranwala):</strong> DC Colony, Gujranwala</p>
      <p style="font-size: 14px;"><strong>Bake Date:</strong> 2026-09-20 (Slot: afternoon)</p>
      <p style="font-size: 14px;"><strong>Payment Method:</strong> JAZZCASH</p>
      
      

      <hr style="border: none; border-top: 1px solid #FCE4EC; margin: 15px 0;">
      <h3 style="margin-bottom: 5px;">Order Items:</h3>
      <table width="100%" style="font-size: 12px; border-collapse: collapse;">
        
      <tr style="border-bottom: 1px solid #FCE4EC;">
        <td style="padding: 10px 0; color: #4A2C2A;">
          <strong>Artisanal Brownies</strong> (Box of 6 - Salted Caramel)
          
        </td>
        <td style="padding: 10px 0; text-align: center; color: #4A2C2A;">1</td>
        <td style="padding: 10px 0; text-align: right; color: #4A2C2A; font-weight: bold;">
          Rs. 1,849
        </td>
      </tr>
      </table>
      <h2 style="color: #4A2C2A; text-align: right; margin-top: 15px;">Total: Rs. 1,849</h2>
    </div>
  </body>
  </html>
  
------------------------------------------------------------
[2026-09-09T10:47:01.116Z] [NOTIFICATION] To: ruhabbbb@gmail.com | Subject: 🧁 SusatBakes Order Confirmation (#SB-821111) - Delivery on 2026-09-17

  <!DOCTYPE html>
  <html>
  <head>
    <meta charset="utf-8">
    <title>Your SusatBakes Pre-Order Confirmation</title>
  </head>
  <body style="background-color: #FDF0F5; font-family: 'Poppins', Helvetica, Arial, sans-serif; margin: 0; padding: 20px;">
    <table width="100%" border="0" cellspacing="0" cellpadding="0">
      <tr>
        <td align="center">
          <table width="600" style="background-color: #ffffff; border-radius: 24px; overflow: hidden; box-shadow: 0 4px 15px rgba(0,0,0,0.05); border: 1px solid #FCE4EC;" cellpadding="0" cellspacing="0">
            <tr>
              <td style="background-color: #4A2C2A; padding: 30px; text-align: center;">
                <h1 style="color: #ffffff; font-family: Georgia, serif; margin: 0; font-size: 26px;">🧁 SusatBakes</h1>
                <p style="color: #FF4DB2; margin: 5px 0 0 0; font-size: 12px; letter-spacing: 2px; text-transform: uppercase;">@susatbakes • Gujranwala</p>
              </td>
            </tr>

            <tr>
              <td style="padding: 30px 35px;">
                <h2 style="color: #4A2C2A; font-family: Georgia, serif; font-size: 20px; margin-top: 0;">
                  Thank You, Abdul Waheed! 🎉
                </h2>
                <p style="color: #7A4C4A; font-size: 13px; line-height: 1.6;">
                  We have received your pre-order. Our bakers will prepare your batch fresh in Gujranwala for your chosen bake date!
                </p>

                <div style="background-color: #FFF5F9; border-radius: 16px; padding: 20px; margin: 20px 0; border: 1px solid #FCE4EC;">
                  <table width="100%" style="font-size: 12px; color: #4A2C2A;">
                    <tr>
                      <td style="padding: 4px 0;"><strong>Order ID:</strong></td>
                      <td style="padding: 4px 0; text-align: right; color: #E6007E; font-weight: bold;">#SB-821111</td>
                    </tr>
                    <tr>
                      <td style="padding: 4px 0;"><strong>Bake Date:</strong></td>
                      <td style="padding: 4px 0; text-align: right;">2026-09-17</td>
                    </tr>
                    <tr>
                      <td style="padding: 4px 0;"><strong>Time Slot:</strong></td>
                      <td style="padding: 4px 0; text-align: right; text-transform: capitalize;">afternoon</td>
                    </tr>
                    <tr>
                      <td style="padding: 4px 0;"><strong>Delivery Address (Gujranwala):</strong></td>
                      <td style="padding: 4px 0; text-align: right;">Muhalla Raitanwala St#2 near Sialkot sweets Gujranwala</td>
                    </tr>
                    <tr>
                      <td style="padding: 4px 0;"><strong>Payment Method:</strong></td>
                      <td style="padding: 4px 0; text-align: right; font-weight: bold; color: #E6007E;">
                        JazzCash Advance Transfer (0308 4977958)
                      </td>
                    </tr>
                  </table>
                </div>

                <h3 style="color: #4A2C2A; font-size: 14px; margin-bottom: 10px;">Ordered Items:</h3>
                <table width="100%" style="font-size: 12px; border-collapse: collapse;">
                  <thead>
                    <tr style="border-bottom: 2px solid #E6007E; color: #4A2C2A; text-align: left;">
                      <th style="padding-bottom: 8px;">Item</th>
                      <th style="padding-bottom: 8px; text-align: center;">Qty</th>
                      <th style="padding-bottom: 8px; text-align: right;">Amount</th>
                    </tr>
                  </thead>
                  <tbody>
                    
      <tr style="border-bottom: 1px solid #FCE4EC;">
        <td style="padding: 10px 0; color: #4A2C2A;">
          <strong>Classic Banana Bread Loaf</strong> (1.5 lb Loaf)
          
        </td>
        <td style="padding: 10px 0; text-align: center; color: #4A2C2A;">1</td>
        <td style="padding: 10px 0; text-align: right; color: #4A2C2A; font-weight: bold;">
          Rs. 1,549
        </td>
      </tr>
                  </tbody>
                </table>

                <div style="text-align: right; margin-top: 20px; padding-top: 15px; border-top: 2px solid #4A2C2A;">
                  <span style="font-size: 14px; color: #7A4C4A;">Grand Total: </span>
                  <span style="font-size: 20px; font-weight: bold; color: #E6007E; font-family: Georgia, serif;">
                    Rs. 1,549
                  </span>
                </div>

                
                <div style="background-color: #FDF0F5; border-left: 4px solid #E6007E; padding: 15px; margin-top: 25px; border-radius: 8px;">
                  <p style="margin: 0; font-size: 12px; color: #4A2C2A;">
                    <strong>📱 JazzCash Advance Transfer:</strong> Please ensure your payment of <strong>Rs. 1,549</strong> has been transferred to <strong>0308 4977958</strong> (SusatBakes).
                  </p>
                </div>

                <div style="text-align: center; margin-top: 30px;">
                  <a href="https://wa.me/923706572463" style="background-color: #25D366; color: #ffffff; text-decoration: none; padding: 12px 25px; border-radius: 50px; font-size: 13px; font-weight: bold; display: inline-block;">
                    💬 Contact on WhatsApp (+92 370 6572463)
                  </a>
                </div>

              </td>
            </tr>

            <tr>
              <td style="background-color: #FFF5F9; padding: 20px; text-align: center; font-size: 11px; color: #7A4C4A; border-top: 1px solid #FCE4EC;">
                SusatBakes • Handcrafted Artisanal Bakery • Gujranwala, Pakistan<br>
                For changes, WhatsApp us at +92 370 6572463
              </td>
            </tr>
          </table>
        </td>
      </tr>
    </table>
  </body>
  </html>
  
------------------------------------------------------------
[2026-09-09T10:47:01.119Z] [NOTIFICATION] To: susatbakes@gmail.com | Subject: 🚨 New Pre-Order #SB-821111 (Rs. 1,549) - Abdul Waheed

  <!DOCTYPE html>
  <html>
  <head>
    <meta charset="utf-8">
    <title>🚨 NEW PRE-ORDER RECEIVED (#SB-821111)</title>
  </head>
  <body style="background-color: #FDF0F5; font-family: Helvetica, Arial, sans-serif; padding: 20px; color: #4A2C2A;">
    <div style="max-width: 600px; margin: 0 auto; background: #ffffff; border-radius: 16px; padding: 25px; border: 2px solid #E6007E;">
      <h2 style="color: #E6007E; margin-top: 0;">🚨 New Pre-Order Received! (#SB-821111)</h2>
      <p style="font-size: 14px;"><strong>Customer:</strong> Abdul Waheed</p>
      <p style="font-size: 14px;"><strong>Phone / WhatsApp:</strong> <a href="https://wa.me/923219645676">+923219645676</a></p>
      <p style="font-size: 14px;"><strong>Email:</strong> ruhabbbb@gmail.com</p>
      <p style="font-size: 14px;"><strong>Delivery Address (Gujranwala):</strong> Muhalla Raitanwala St#2 near Sialkot sweets Gujranwala</p>
      <p style="font-size: 14px;"><strong>Bake Date:</strong> 2026-09-17 (Slot: afternoon)</p>
      <p style="font-size: 14px;"><strong>Payment Method:</strong> JAZZCASH</p>
      <p style="font-size: 14px;"><strong>Proof Attachment:</strong> <a href="/uploads/receipt_1788950820827_2e43c8b0.png" target="_blank">View Receipt Screenshot</a></p>
      

      <hr style="border: none; border-top: 1px solid #FCE4EC; margin: 15px 0;">
      <h3 style="margin-bottom: 5px;">Order Items:</h3>
      <table width="100%" style="font-size: 12px; border-collapse: collapse;">
        
      <tr style="border-bottom: 1px solid #FCE4EC;">
        <td style="padding: 10px 0; color: #4A2C2A;">
          <strong>Classic Banana Bread Loaf</strong> (1.5 lb Loaf)
          
        </td>
        <td style="padding: 10px 0; text-align: center; color: #4A2C2A;">1</td>
        <td style="padding: 10px 0; text-align: right; color: #4A2C2A; font-weight: bold;">
          Rs. 1,549
        </td>
      </tr>
      </table>
      <h2 style="color: #4A2C2A; text-align: right; margin-top: 15px;">Total: Rs. 1,549</h2>
    </div>
  </body>
  </html>
  
------------------------------------------------------------
[2026-09-09T11:58:04.759Z] [NOTIFICATION] To: ruhabbbb@gmail.com | Subject: 🧁 SusatBakes Order Confirmation (#SB-083105) - Delivery on 2026-09-10

  <!DOCTYPE html>
  <html>
  <head>
    <meta charset="utf-8">
    <title>Your SusatBakes Pre-Order Confirmation</title>
  </head>
  <body style="background-color: #FDF0F5; font-family: 'Poppins', Helvetica, Arial, sans-serif; margin: 0; padding: 20px;">
    <table width="100%" border="0" cellspacing="0" cellpadding="0">
      <tr>
        <td align="center">
          <table width="600" style="background-color: #ffffff; border-radius: 24px; overflow: hidden; box-shadow: 0 4px 15px rgba(0,0,0,0.05); border: 1px solid #FCE4EC;" cellpadding="0" cellspacing="0">
            <tr>
              <td style="background-color: #4A2C2A; padding: 30px; text-align: center;">
                <h1 style="color: #ffffff; font-family: Georgia, serif; margin: 0; font-size: 26px;">🧁 SusatBakes</h1>
                <p style="color: #FF4DB2; margin: 5px 0 0 0; font-size: 12px; letter-spacing: 2px; text-transform: uppercase;">@susatbakes • Gujranwala</p>
              </td>
            </tr>

            <tr>
              <td style="padding: 30px 35px;">
                <h2 style="color: #4A2C2A; font-family: Georgia, serif; font-size: 20px; margin-top: 0;">
                  Thank You, ruhab! 🎉
                </h2>
                <p style="color: #7A4C4A; font-size: 13px; line-height: 1.6;">
                  We have received your pre-order. Our bakers will prepare your batch fresh in Gujranwala for your chosen bake date!
                </p>

                <div style="background-color: #FFF5F9; border-radius: 16px; padding: 20px; margin: 20px 0; border: 1px solid #FCE4EC;">
                  <table width="100%" style="font-size: 12px; color: #4A2C2A;">
                    <tr>
                      <td style="padding: 4px 0;"><strong>Order ID:</strong></td>
                      <td style="padding: 4px 0; text-align: right; color: #E6007E; font-weight: bold;">#SB-083105</td>
                    </tr>
                    <tr>
                      <td style="padding: 4px 0;"><strong>Bake Date:</strong></td>
                      <td style="padding: 4px 0; text-align: right;">2026-09-10</td>
                    </tr>
                    <tr>
                      <td style="padding: 4px 0;"><strong>Time Slot:</strong></td>
                      <td style="padding: 4px 0; text-align: right; text-transform: capitalize;">morning</td>
                    </tr>
                    <tr>
                      <td style="padding: 4px 0;"><strong>Delivery Address (Gujranwala):</strong></td>
                      <td style="padding: 4px 0; text-align: right;">Muhalla Raitanwala Street 2</td>
                    </tr>
                    <tr>
                      <td style="padding: 4px 0;"><strong>Payment Method:</strong></td>
                      <td style="padding: 4px 0; text-align: right; font-weight: bold; color: #E6007E;">
                        JazzCash Advance Transfer (0308 4977958)
                      </td>
                    </tr>
                  </table>
                </div>

                <h3 style="color: #4A2C2A; font-size: 14px; margin-bottom: 10px;">Ordered Items:</h3>
                <table width="100%" style="font-size: 12px; border-collapse: collapse;">
                  <thead>
                    <tr style="border-bottom: 2px solid #E6007E; color: #4A2C2A; text-align: left;">
                      <th style="padding-bottom: 8px;">Item</th>
                      <th style="padding-bottom: 8px; text-align: center;">Qty</th>
                      <th style="padding-bottom: 8px; text-align: right;">Amount</th>
                    </tr>
                  </thead>
                  <tbody>
                    
      <tr style="border-bottom: 1px solid #FCE4EC;">
        <td style="padding: 10px 0; color: #4A2C2A;">
          <strong>Artisanal Brownies</strong> (Box of 4 - Chocolate Chip)
          
        </td>
        <td style="padding: 10px 0; text-align: center; color: #4A2C2A;">1</td>
        <td style="padding: 10px 0; text-align: right; color: #4A2C2A; font-weight: bold;">
          Rs. 1,349
        </td>
      </tr>
      <tr style="border-bottom: 1px solid #FCE4EC;">
        <td style="padding: 10px 0; color: #4A2C2A;">
          <strong>NYC Thick & Chewy Cookies</strong> (Box of 6 - NYC Chocolate Chip)
          
        </td>
        <td style="padding: 10px 0; text-align: center; color: #4A2C2A;">1</td>
        <td style="padding: 10px 0; text-align: right; color: #4A2C2A; font-weight: bold;">
          Rs. 1,199
        </td>
      </tr>
                  </tbody>
                </table>

                <div style="text-align: right; margin-top: 20px; padding-top: 15px; border-top: 2px solid #4A2C2A;">
                  <span style="font-size: 14px; color: #7A4C4A;">Grand Total: </span>
                  <span style="font-size: 20px; font-weight: bold; color: #E6007E; font-family: Georgia, serif;">
                    Rs. 2,548
                  </span>
                </div>

                
                <div style="background-color: #FDF0F5; border-left: 4px solid #E6007E; padding: 15px; margin-top: 25px; border-radius: 8px;">
                  <p style="margin: 0; font-size: 12px; color: #4A2C2A;">
                    <strong>📱 JazzCash Advance Transfer:</strong> Please ensure your payment of <strong>Rs. 2,548</strong> has been transferred to <strong>0308 4977958</strong> (SusatBakes).
                  </p>
                </div>

                <div style="text-align: center; margin-top: 30px;">
                  <a href="https://wa.me/923706572463" style="background-color: #25D366; color: #ffffff; text-decoration: none; padding: 12px 25px; border-radius: 50px; font-size: 13px; font-weight: bold; display: inline-block;">
                    💬 Contact on WhatsApp (+92 370 6572463)
                  </a>
                </div>

              </td>
            </tr>

            <tr>
              <td style="background-color: #FFF5F9; padding: 20px; text-align: center; font-size: 11px; color: #7A4C4A; border-top: 1px solid #FCE4EC;">
                SusatBakes • Handcrafted Artisanal Bakery • Gujranwala, Pakistan<br>
                For changes, WhatsApp us at +92 370 6572463
              </td>
            </tr>
          </table>
        </td>
      </tr>
    </table>
  </body>
  </html>
  
------------------------------------------------------------
[2026-09-09T11:58:05.380Z] [NOTIFICATION] To: susatbakes@gmail.com | Subject: 🚨 New Pre-Order #SB-083105 (Rs. 2,548) - ruhab

  <!DOCTYPE html>
  <html>
  <head>
    <meta charset="utf-8">
    <title>🚨 NEW PRE-ORDER RECEIVED (#SB-083105)</title>
  </head>
  <body style="background-color: #FDF0F5; font-family: Helvetica, Arial, sans-serif; padding: 20px; color: #4A2C2A;">
    <div style="max-width: 600px; margin: 0 auto; background: #ffffff; border-radius: 16px; padding: 25px; border: 2px solid #E6007E;">
      <h2 style="color: #E6007E; margin-top: 0;">🚨 New Pre-Order Received! (#SB-083105)</h2>
      <p style="font-size: 14px;"><strong>Customer:</strong> ruhab</p>
      <p style="font-size: 14px;"><strong>Phone / WhatsApp:</strong> <a href="https://wa.me/923084977958">+92 308 4977958</a></p>
      <p style="font-size: 14px;"><strong>Email:</strong> ruhabbbb@gmail.com</p>
      <p style="font-size: 14px;"><strong>Delivery Address (Gujranwala):</strong> Muhalla Raitanwala Street 2</p>
      <p style="font-size: 14px;"><strong>Bake Date:</strong> 2026-09-10 (Slot: morning)</p>
      <p style="font-size: 14px;"><strong>Payment Method:</strong> JAZZCASH</p>
      <p style="font-size: 14px;"><strong>Proof Attachment:</strong> <a href="/uploads/receipt_1788955082439_61990000.png" target="_blank">View Receipt Screenshot</a></p>
      

      <hr style="border: none; border-top: 1px solid #FCE4EC; margin: 15px 0;">
      <h3 style="margin-bottom: 5px;">Order Items:</h3>
      <table width="100%" style="font-size: 12px; border-collapse: collapse;">
        
      <tr style="border-bottom: 1px solid #FCE4EC;">
        <td style="padding: 10px 0; color: #4A2C2A;">
          <strong>Artisanal Brownies</strong> (Box of 4 - Chocolate Chip)
          
        </td>
        <td style="padding: 10px 0; text-align: center; color: #4A2C2A;">1</td>
        <td style="padding: 10px 0; text-align: right; color: #4A2C2A; font-weight: bold;">
          Rs. 1,349
        </td>
      </tr>
      <tr style="border-bottom: 1px solid #FCE4EC;">
        <td style="padding: 10px 0; color: #4A2C2A;">
          <strong>NYC Thick & Chewy Cookies</strong> (Box of 6 - NYC Chocolate Chip)
          
        </td>
        <td style="padding: 10px 0; text-align: center; color: #4A2C2A;">1</td>
        <td style="padding: 10px 0; text-align: right; color: #4A2C2A; font-weight: bold;">
          Rs. 1,199
        </td>
      </tr>
      </table>
      <h2 style="color: #4A2C2A; text-align: right; margin-top: 15px;">Total: Rs. 2,548</h2>
    </div>
  </body>
  </html>
  
------------------------------------------------------------
[2026-09-09T12:13:05.379Z] [NOTIFICATION] To: sarah.khan.test@gmail.com | Subject: 🧁 SusatBakes Order Confirmation (#SB-982965) - Delivery on 2026-09-25

  <!DOCTYPE html>
  <html>
  <head>
    <meta charset="utf-8">
    <title>Your SusatBakes Pre-Order Confirmation</title>
  </head>
  <body style="background-color: #FDF0F5; font-family: 'Poppins', Helvetica, Arial, sans-serif; margin: 0; padding: 20px;">
    <table width="100%" border="0" cellspacing="0" cellpadding="0">
      <tr>
        <td align="center">
          <table width="600" style="background-color: #ffffff; border-radius: 24px; overflow: hidden; box-shadow: 0 4px 15px rgba(0,0,0,0.05); border: 1px solid #FCE4EC;" cellpadding="0" cellspacing="0">
            <tr>
              <td style="background-color: #4A2C2A; padding: 30px; text-align: center;">
                <h1 style="color: #ffffff; font-family: Georgia, serif; margin: 0; font-size: 26px;">🧁 SusatBakes</h1>
                <p style="color: #FF4DB2; margin: 5px 0 0 0; font-size: 12px; letter-spacing: 2px; text-transform: uppercase;">@susatbakes • Gujranwala</p>
              </td>
            </tr>

            <tr>
              <td style="padding: 30px 35px;">
                <h2 style="color: #4A2C2A; font-family: Georgia, serif; font-size: 20px; margin-top: 0;">
                  Thank You, Sarah Khan! 🎉
                </h2>
                <p style="color: #7A4C4A; font-size: 13px; line-height: 1.6;">
                  We have received your pre-order. Our bakers will prepare your batch fresh in Gujranwala for your chosen bake date!
                </p>

                <div style="background-color: #FFF5F9; border-radius: 16px; padding: 20px; margin: 20px 0; border: 1px solid #FCE4EC;">
                  <table width="100%" style="font-size: 12px; color: #4A2C2A;">
                    <tr>
                      <td style="padding: 4px 0;"><strong>Order ID:</strong></td>
                      <td style="padding: 4px 0; text-align: right; color: #E6007E; font-weight: bold;">#SB-982965</td>
                    </tr>
                    <tr>
                      <td style="padding: 4px 0;"><strong>Bake Date:</strong></td>
                      <td style="padding: 4px 0; text-align: right;">2026-09-25</td>
                    </tr>
                    <tr>
                      <td style="padding: 4px 0;"><strong>Time Slot:</strong></td>
                      <td style="padding: 4px 0; text-align: right; text-transform: capitalize;">afternoon</td>
                    </tr>
                    <tr>
                      <td style="padding: 4px 0;"><strong>Delivery Address (Gujranwala):</strong></td>
                      <td style="padding: 4px 0; text-align: right;">Model Town, Gujranwala</td>
                    </tr>
                    <tr>
                      <td style="padding: 4px 0;"><strong>Payment Method:</strong></td>
                      <td style="padding: 4px 0; text-align: right; font-weight: bold; color: #E6007E;">
                        JazzCash Advance Transfer (0308 4977958)
                      </td>
                    </tr>
                  </table>
                </div>

                <h3 style="color: #4A2C2A; font-size: 14px; margin-bottom: 10px;">Ordered Items:</h3>
                <table width="100%" style="font-size: 12px; border-collapse: collapse;">
                  <thead>
                    <tr style="border-bottom: 2px solid #E6007E; color: #4A2C2A; text-align: left;">
                      <th style="padding-bottom: 8px;">Item</th>
                      <th style="padding-bottom: 8px; text-align: center;">Qty</th>
                      <th style="padding-bottom: 8px; text-align: right;">Amount</th>
                    </tr>
                  </thead>
                  <tbody>
                    
      <tr style="border-bottom: 1px solid #FCE4EC;">
        <td style="padding: 10px 0; color: #4A2C2A;">
          <strong>Artisanal Brownies</strong> (Box of 6 - Salted Caramel)
          
        </td>
        <td style="padding: 10px 0; text-align: center; color: #4A2C2A;">1</td>
        <td style="padding: 10px 0; text-align: right; color: #4A2C2A; font-weight: bold;">
          Rs. 1,849
        </td>
      </tr>
                  </tbody>
                </table>

                <div style="text-align: right; margin-top: 20px; padding-top: 15px; border-top: 2px solid #4A2C2A;">
                  <span style="font-size: 14px; color: #7A4C4A;">Grand Total: </span>
                  <span style="font-size: 20px; font-weight: bold; color: #E6007E; font-family: Georgia, serif;">
                    Rs. 1,849
                  </span>
                </div>

                
                <div style="background-color: #FDF0F5; border-left: 4px solid #E6007E; padding: 15px; margin-top: 25px; border-radius: 8px;">
                  <p style="margin: 0; font-size: 12px; color: #4A2C2A;">
                    <strong>📱 JazzCash Advance Transfer:</strong> Please ensure your payment of <strong>Rs. 1,849</strong> has been transferred to <strong>0308 4977958</strong> (SusatBakes).
                  </p>
                </div>

                <div style="text-align: center; margin-top: 30px;">
                  <a href="https://wa.me/923706572463" style="background-color: #25D366; color: #ffffff; text-decoration: none; padding: 12px 25px; border-radius: 50px; font-size: 13px; font-weight: bold; display: inline-block;">
                    💬 Contact on WhatsApp (+92 370 6572463)
                  </a>
                </div>

              </td>
            </tr>

            <tr>
              <td style="background-color: #FFF5F9; padding: 20px; text-align: center; font-size: 11px; color: #7A4C4A; border-top: 1px solid #FCE4EC;">
                SusatBakes • Handcrafted Artisanal Bakery • Gujranwala, Pakistan<br>
                For changes, WhatsApp us at +92 370 6572463
              </td>
            </tr>
          </table>
        </td>
      </tr>
    </table>
  </body>
  </html>
  
------------------------------------------------------------
[2026-09-09T12:14:54.942Z] [NOTIFICATION] To: sarah.khan@example.com | Subject: 🧁 SusatBakes Order Confirmation (#SB-092489) - Delivery on 2026-09-25

  <!DOCTYPE html>
  <html>
  <head>
    <meta charset="utf-8">
    <title>Your SusatBakes Pre-Order Confirmation</title>
  </head>
  <body style="background-color: #FDF0F5; font-family: 'Poppins', Helvetica, Arial, sans-serif; margin: 0; padding: 20px;">
    <table width="100%" border="0" cellspacing="0" cellpadding="0">
      <tr>
        <td align="center">
          <table width="600" style="background-color: #ffffff; border-radius: 24px; overflow: hidden; box-shadow: 0 4px 15px rgba(0,0,0,0.05); border: 1px solid #FCE4EC;" cellpadding="0" cellspacing="0">
            <tr>
              <td style="background-color: #4A2C2A; padding: 30px; text-align: center;">
                <h1 style="color: #ffffff; font-family: Georgia, serif; margin: 0; font-size: 26px;">🧁 SusatBakes</h1>
                <p style="color: #FF4DB2; margin: 5px 0 0 0; font-size: 12px; letter-spacing: 2px; text-transform: uppercase;">@susatbakes • Gujranwala</p>
              </td>
            </tr>

            <tr>
              <td style="padding: 30px 35px;">
                <h2 style="color: #4A2C2A; font-family: Georgia, serif; font-size: 20px; margin-top: 0;">
                  Thank You, Sarah Khan! 🎉
                </h2>
                <p style="color: #7A4C4A; font-size: 13px; line-height: 1.6;">
                  We have received your pre-order. Our bakers will prepare your batch fresh in Gujranwala for your chosen bake date!
                </p>

                <div style="background-color: #FFF5F9; border-radius: 16px; padding: 20px; margin: 20px 0; border: 1px solid #FCE4EC;">
                  <table width="100%" style="font-size: 12px; color: #4A2C2A;">
                    <tr>
                      <td style="padding: 4px 0;"><strong>Order ID:</strong></td>
                      <td style="padding: 4px 0; text-align: right; color: #E6007E; font-weight: bold;">#SB-092489</td>
                    </tr>
                    <tr>
                      <td style="padding: 4px 0;"><strong>Bake Date:</strong></td>
                      <td style="padding: 4px 0; text-align: right;">2026-09-25</td>
                    </tr>
                    <tr>
                      <td style="padding: 4px 0;"><strong>Time Slot:</strong></td>
                      <td style="padding: 4px 0; text-align: right; text-transform: capitalize;">afternoon</td>
                    </tr>
                    <tr>
                      <td style="padding: 4px 0;"><strong>Delivery Address (Gujranwala):</strong></td>
                      <td style="padding: 4px 0; text-align: right;">Model Town, Gujranwala</td>
                    </tr>
                    <tr>
                      <td style="padding: 4px 0;"><strong>Payment Method:</strong></td>
                      <td style="padding: 4px 0; text-align: right; font-weight: bold; color: #E6007E;">
                        JazzCash Advance Transfer (0308 4977958)
                      </td>
                    </tr>
                  </table>
                </div>

                <h3 style="color: #4A2C2A; font-size: 14px; margin-bottom: 10px;">Ordered Items:</h3>
                <table width="100%" style="font-size: 12px; border-collapse: collapse;">
                  <thead>
                    <tr style="border-bottom: 2px solid #E6007E; color: #4A2C2A; text-align: left;">
                      <th style="padding-bottom: 8px;">Item</th>
                      <th style="padding-bottom: 8px; text-align: center;">Qty</th>
                      <th style="padding-bottom: 8px; text-align: right;">Amount</th>
                    </tr>
                  </thead>
                  <tbody>
                    
      <tr style="border-bottom: 1px solid #FCE4EC;">
        <td style="padding: 10px 0; color: #4A2C2A;">
          <strong>Artisanal Brownies</strong> (Box of 6 - Salted Caramel)
          
        </td>
        <td style="padding: 10px 0; text-align: center; color: #4A2C2A;">1</td>
        <td style="padding: 10px 0; text-align: right; color: #4A2C2A; font-weight: bold;">
          Rs. 1,849
        </td>
      </tr>
                  </tbody>
                </table>

                <div style="text-align: right; margin-top: 20px; padding-top: 15px; border-top: 2px solid #4A2C2A;">
                  <span style="font-size: 14px; color: #7A4C4A;">Grand Total: </span>
                  <span style="font-size: 20px; font-weight: bold; color: #E6007E; font-family: Georgia, serif;">
                    Rs. 1,849
                  </span>
                </div>

                
                <div style="background-color: #FDF0F5; border-left: 4px solid #E6007E; padding: 15px; margin-top: 25px; border-radius: 8px;">
                  <p style="margin: 0; font-size: 12px; color: #4A2C2A;">
                    <strong>📱 JazzCash Advance Transfer:</strong> Please ensure your payment of <strong>Rs. 1,849</strong> has been transferred to <strong>0308 4977958</strong> (SusatBakes).
                  </p>
                </div>

                <div style="text-align: center; margin-top: 30px;">
                  <a href="https://wa.me/923706572463" style="background-color: #25D366; color: #ffffff; text-decoration: none; padding: 12px 25px; border-radius: 50px; font-size: 13px; font-weight: bold; display: inline-block;">
                    💬 Contact on WhatsApp (+92 370 6572463)
                  </a>
                </div>

              </td>
            </tr>

            <tr>
              <td style="background-color: #FFF5F9; padding: 20px; text-align: center; font-size: 11px; color: #7A4C4A; border-top: 1px solid #FCE4EC;">
                SusatBakes • Handcrafted Artisanal Bakery • Gujranwala, Pakistan<br>
                For changes, WhatsApp us at +92 370 6572463
              </td>
            </tr>
          </table>
        </td>
      </tr>
    </table>
  </body>
  </html>
  
------------------------------------------------------------
[2026-09-09T12:22:33.226Z] [NOTIFICATION] To: ruhabbbb@gmail.com | Subject: 🧁 SusatBakes Order Confirmation (#SB-551061) - Delivery on 2026-09-17

  <!DOCTYPE html>
  <html>
  <head>
    <meta charset="utf-8">
    <title>Your SusatBakes Pre-Order Confirmation</title>
  </head>
  <body style="background-color: #FDF0F5; font-family: 'Poppins', Helvetica, Arial, sans-serif; margin: 0; padding: 20px;">
    <table width="100%" border="0" cellspacing="0" cellpadding="0">
      <tr>
        <td align="center">
          <table width="600" style="background-color: #ffffff; border-radius: 24px; overflow: hidden; box-shadow: 0 4px 15px rgba(0,0,0,0.05); border: 1px solid #FCE4EC;" cellpadding="0" cellspacing="0">
            <tr>
              <td style="background-color: #4A2C2A; padding: 30px; text-align: center;">
                <h1 style="color: #ffffff; font-family: Georgia, serif; margin: 0; font-size: 26px;">🧁 SusatBakes</h1>
                <p style="color: #FF4DB2; margin: 5px 0 0 0; font-size: 12px; letter-spacing: 2px; text-transform: uppercase;">@susatbakes • Gujranwala</p>
              </td>
            </tr>

            <tr>
              <td style="padding: 30px 35px;">
                <h2 style="color: #4A2C2A; font-family: Georgia, serif; font-size: 20px; margin-top: 0;">
                  Thank You, sus! 🎉
                </h2>
                <p style="color: #7A4C4A; font-size: 13px; line-height: 1.6;">
                  We have received your pre-order. Our bakers will prepare your batch fresh in Gujranwala for your chosen bake date!
                </p>

                <div style="background-color: #FFF5F9; border-radius: 16px; padding: 20px; margin: 20px 0; border: 1px solid #FCE4EC;">
                  <table width="100%" style="font-size: 12px; color: #4A2C2A;">
                    <tr>
                      <td style="padding: 4px 0;"><strong>Order ID:</strong></td>
                      <td style="padding: 4px 0; text-align: right; color: #E6007E; font-weight: bold;">#SB-551061</td>
                    </tr>
                    <tr>
                      <td style="padding: 4px 0;"><strong>Bake Date:</strong></td>
                      <td style="padding: 4px 0; text-align: right;">2026-09-17</td>
                    </tr>
                    <tr>
                      <td style="padding: 4px 0;"><strong>Time Slot:</strong></td>
                      <td style="padding: 4px 0; text-align: right; text-transform: capitalize;">afternoon</td>
                    </tr>
                    <tr>
                      <td style="padding: 4px 0;"><strong>Delivery Address (Gujranwala):</strong></td>
                      <td style="padding: 4px 0; text-align: right;">model town</td>
                    </tr>
                    <tr>
                      <td style="padding: 4px 0;"><strong>Payment Method:</strong></td>
                      <td style="padding: 4px 0; text-align: right; font-weight: bold; color: #E6007E;">
                        JazzCash Advance Transfer (0308 4977958)
                      </td>
                    </tr>
                  </table>
                </div>

                <h3 style="color: #4A2C2A; font-size: 14px; margin-bottom: 10px;">Ordered Items:</h3>
                <table width="100%" style="font-size: 12px; border-collapse: collapse;">
                  <thead>
                    <tr style="border-bottom: 2px solid #E6007E; color: #4A2C2A; text-align: left;">
                      <th style="padding-bottom: 8px;">Item</th>
                      <th style="padding-bottom: 8px; text-align: center;">Qty</th>
                      <th style="padding-bottom: 8px; text-align: right;">Amount</th>
                    </tr>
                  </thead>
                  <tbody>
                    
      <tr style="border-bottom: 1px solid #FCE4EC;">
        <td style="padding: 10px 0; color: #4A2C2A;">
          <strong>NYC Thick & Chewy Cookies</strong> (Box of 6 - NYC Chocolate Chip)
          
        </td>
        <td style="padding: 10px 0; text-align: center; color: #4A2C2A;">1</td>
        <td style="padding: 10px 0; text-align: right; color: #4A2C2A; font-weight: bold;">
          Rs. 1,199
        </td>
      </tr>
                  </tbody>
                </table>

                <div style="text-align: right; margin-top: 20px; padding-top: 15px; border-top: 2px solid #4A2C2A;">
                  <span style="font-size: 14px; color: #7A4C4A;">Grand Total: </span>
                  <span style="font-size: 20px; font-weight: bold; color: #E6007E; font-family: Georgia, serif;">
                    Rs. 1,199
                  </span>
                </div>

                
                <div style="background-color: #FDF0F5; border-left: 4px solid #E6007E; padding: 15px; margin-top: 25px; border-radius: 8px;">
                  <p style="margin: 0; font-size: 12px; color: #4A2C2A;">
                    <strong>📱 JazzCash Advance Transfer:</strong> Please ensure your payment of <strong>Rs. 1,199</strong> has been transferred to <strong>0308 4977958</strong> (SusatBakes).
                  </p>
                </div>

                <div style="text-align: center; margin-top: 30px;">
                  <a href="https://wa.me/923706572463" style="background-color: #25D366; color: #ffffff; text-decoration: none; padding: 12px 25px; border-radius: 50px; font-size: 13px; font-weight: bold; display: inline-block;">
                    💬 Contact on WhatsApp (+92 370 6572463)
                  </a>
                </div>

              </td>
            </tr>

            <tr>
              <td style="background-color: #FFF5F9; padding: 20px; text-align: center; font-size: 11px; color: #7A4C4A; border-top: 1px solid #FCE4EC;">
                SusatBakes • Handcrafted Artisanal Bakery • Gujranwala, Pakistan<br>
                For changes, WhatsApp us at +92 370 6572463
              </td>
            </tr>
          </table>
        </td>
      </tr>
    </table>
  </body>
  </html>
  
------------------------------------------------------------
[2026-09-09T16:00:08.522Z] [NOTIFICATION] To: ruhabbbb@gmail.com | Subject: 🧁 SusatBakes Order Confirmation (#SB-602179) - Delivery on 2026-09-17

  <!DOCTYPE html>
  <html>
  <head>
    <meta charset="utf-8">
    <title>Your SusatBakes Pre-Order Confirmation</title>
  </head>
  <body style="background-color: #FDF0F5; font-family: 'Poppins', Helvetica, Arial, sans-serif; margin: 0; padding: 20px;">
    <table width="100%" border="0" cellspacing="0" cellpadding="0">
      <tr>
        <td align="center">
          <table width="600" style="background-color: #ffffff; border-radius: 24px; overflow: hidden; box-shadow: 0 4px 15px rgba(0,0,0,0.05); border: 1px solid #FCE4EC;" cellpadding="0" cellspacing="0">
            <tr>
              <td style="background-color: #4A2C2A; padding: 30px; text-align: center;">
                <h1 style="color: #ffffff; font-family: Georgia, serif; margin: 0; font-size: 26px;">🧁 SusatBakes</h1>
                <p style="color: #FF4DB2; margin: 5px 0 0 0; font-size: 12px; letter-spacing: 2px; text-transform: uppercase;">@susatbakes • Gujranwala</p>
              </td>
            </tr>

            <tr>
              <td style="padding: 30px 35px;">
                <h2 style="color: #4A2C2A; font-family: Georgia, serif; font-size: 20px; margin-top: 0;">
                  Thank You, ruhab! 🎉
                </h2>
                <p style="color: #7A4C4A; font-size: 13px; line-height: 1.6;">
                  We have received your pre-order. Our bakers will prepare your batch fresh in Gujranwala for your chosen bake date!
                </p>

                <div style="background-color: #FFF5F9; border-radius: 16px; padding: 20px; margin: 20px 0; border: 1px solid #FCE4EC;">
                  <table width="100%" style="font-size: 12px; color: #4A2C2A;">
                    <tr>
                      <td style="padding: 4px 0;"><strong>Order ID:</strong></td>
                      <td style="padding: 4px 0; text-align: right; color: #E6007E; font-weight: bold;">#SB-602179</td>
                    </tr>
                    <tr>
                      <td style="padding: 4px 0;"><strong>Bake Date:</strong></td>
                      <td style="padding: 4px 0; text-align: right;">2026-09-17</td>
                    </tr>
                    <tr>
                      <td style="padding: 4px 0;"><strong>Time Slot:</strong></td>
                      <td style="padding: 4px 0; text-align: right; text-transform: capitalize;">afternoon</td>
                    </tr>
                    <tr>
                      <td style="padding: 4px 0;"><strong>Delivery Address (Gujranwala):</strong></td>
                      <td style="padding: 4px 0; text-align: right;">68 Bishopthorpe Road</td>
                    </tr>
                    <tr>
                      <td style="padding: 4px 0;"><strong>Payment Method:</strong></td>
                      <td style="padding: 4px 0; text-align: right; font-weight: bold; color: #E6007E;">
                        JazzCash Advance Transfer (0308 4977958)
                      </td>
                    </tr>
                  </table>
                </div>

                <h3 style="color: #4A2C2A; font-size: 14px; margin-bottom: 10px;">Ordered Items:</h3>
                <table width="100%" style="font-size: 12px; border-collapse: collapse;">
                  <thead>
                    <tr style="border-bottom: 2px solid #E6007E; color: #4A2C2A; text-align: left;">
                      <th style="padding-bottom: 8px;">Item</th>
                      <th style="padding-bottom: 8px; text-align: center;">Qty</th>
                      <th style="padding-bottom: 8px; text-align: right;">Amount</th>
                    </tr>
                  </thead>
                  <tbody>
                    
      <tr style="border-bottom: 1px solid #FCE4EC;">
        <td style="padding: 10px 0; color: #4A2C2A;">
          <strong>Artisanal Brownies</strong> (Box of 4 - Chocolate Chip)
          
        </td>
        <td style="padding: 10px 0; text-align: center; color: #4A2C2A;">1</td>
        <td style="padding: 10px 0; text-align: right; color: #4A2C2A; font-weight: bold;">
          Rs. 1,349
        </td>
      </tr>
                  </tbody>
                </table>

                <div style="text-align: right; margin-top: 20px; padding-top: 15px; border-top: 2px solid #4A2C2A;">
                  <span style="font-size: 14px; color: #7A4C4A;">Grand Total: </span>
                  <span style="font-size: 20px; font-weight: bold; color: #E6007E; font-family: Georgia, serif;">
                    Rs. 1,349
                  </span>
                </div>

                
                <div style="background-color: #FDF0F5; border-left: 4px solid #E6007E; padding: 15px; margin-top: 25px; border-radius: 8px;">
                  <p style="margin: 0; font-size: 12px; color: #4A2C2A;">
                    <strong>📱 JazzCash Advance Transfer:</strong> Please ensure your payment of <strong>Rs. 1,349</strong> has been transferred to <strong>0308 4977958</strong> (SusatBakes).
                  </p>
                </div>

                <div style="text-align: center; margin-top: 30px;">
                  <a href="https://wa.me/923706572463" style="background-color: #25D366; color: #ffffff; text-decoration: none; padding: 12px 25px; border-radius: 50px; font-size: 13px; font-weight: bold; display: inline-block;">
                    💬 Contact on WhatsApp (+92 370 6572463)
                  </a>
                </div>

              </td>
            </tr>

            <tr>
              <td style="background-color: #FFF5F9; padding: 20px; text-align: center; font-size: 11px; color: #7A4C4A; border-top: 1px solid #FCE4EC;">
                SusatBakes • Handcrafted Artisanal Bakery • Gujranwala, Pakistan<br>
                For changes, WhatsApp us at +92 370 6572463
              </td>
            </tr>
          </table>
        </td>
      </tr>
    </table>
  </body>
  </html>
  
------------------------------------------------------------
[2026-09-09T16:18:30.489Z] [NOTIFICATION] To: ruhabbbb@gmail.com | Subject: 🧁 SusatBakes Order Confirmation (#SB-707884) - Delivery on 2026-09-16

  <!DOCTYPE html>
  <html>
  <head>
    <meta charset="utf-8">
    <title>Your SusatBakes Pre-Order Confirmation</title>
  </head>
  <body style="background-color: #FDF0F5; font-family: 'Poppins', Helvetica, Arial, sans-serif; margin: 0; padding: 20px;">
    <table width="100%" border="0" cellspacing="0" cellpadding="0">
      <tr>
        <td align="center">
          <table width="600" style="background-color: #ffffff; border-radius: 24px; overflow: hidden; box-shadow: 0 4px 15px rgba(0,0,0,0.05); border: 1px solid #FCE4EC;" cellpadding="0" cellspacing="0">
            <tr>
              <td style="background-color: #4A2C2A; padding: 30px; text-align: center;">
                <h1 style="color: #ffffff; font-family: Georgia, serif; margin: 0; font-size: 26px;">🧁 SusatBakes</h1>
                <p style="color: #FF4DB2; margin: 5px 0 0 0; font-size: 12px; letter-spacing: 2px; text-transform: uppercase;">@susatbakes • Gujranwala</p>
              </td>
            </tr>

            <tr>
              <td style="padding: 30px 35px;">
                <h2 style="color: #4A2C2A; font-family: Georgia, serif; font-size: 20px; margin-top: 0;">
                  Thank You, ruhab! 🎉
                </h2>
                <p style="color: #7A4C4A; font-size: 13px; line-height: 1.6;">
                  We have received your pre-order. Our bakers will prepare your batch fresh in Gujranwala for your chosen bake date!
                </p>

                <div style="background-color: #FFF5F9; border-radius: 16px; padding: 20px; margin: 20px 0; border: 1px solid #FCE4EC;">
                  <table width="100%" style="font-size: 12px; color: #4A2C2A;">
                    <tr>
                      <td style="padding: 4px 0;"><strong>Order ID:</strong></td>
                      <td style="padding: 4px 0; text-align: right; color: #E6007E; font-weight: bold;">#SB-707884</td>
                    </tr>
                    <tr>
                      <td style="padding: 4px 0;"><strong>Bake Date:</strong></td>
                      <td style="padding: 4px 0; text-align: right;">2026-09-16</td>
                    </tr>
                    <tr>
                      <td style="padding: 4px 0;"><strong>Time Slot:</strong></td>
                      <td style="padding: 4px 0; text-align: right; text-transform: capitalize;">afternoon</td>
                    </tr>
                    <tr>
                      <td style="padding: 4px 0;"><strong>Delivery Address (Gujranwala):</strong></td>
                      <td style="padding: 4px 0; text-align: right;">68 Bishopthorpe Road</td>
                    </tr>
                    <tr>
                      <td style="padding: 4px 0;"><strong>Payment Method:</strong></td>
                      <td style="padding: 4px 0; text-align: right; font-weight: bold; color: #E6007E;">
                        JazzCash Advance Transfer (0308 4977958)
                      </td>
                    </tr>
                  </table>
                </div>

                <h3 style="color: #4A2C2A; font-size: 14px; margin-bottom: 10px;">Ordered Items:</h3>
                <table width="100%" style="font-size: 12px; border-collapse: collapse;">
                  <thead>
                    <tr style="border-bottom: 2px solid #E6007E; color: #4A2C2A; text-align: left;">
                      <th style="padding-bottom: 8px;">Item</th>
                      <th style="padding-bottom: 8px; text-align: center;">Qty</th>
                      <th style="padding-bottom: 8px; text-align: right;">Amount</th>
                    </tr>
                  </thead>
                  <tbody>
                    
      <tr style="border-bottom: 1px solid #FCE4EC;">
        <td style="padding: 10px 0; color: #4A2C2A;">
          <strong>Artisanal Brownies</strong> (Box of 4 - Chocolate Chip)
          
        </td>
        <td style="padding: 10px 0; text-align: center; color: #4A2C2A;">1</td>
        <td style="padding: 10px 0; text-align: right; color: #4A2C2A; font-weight: bold;">
          Rs. 1,349
        </td>
      </tr>
                  </tbody>
                </table>

                <div style="text-align: right; margin-top: 20px; padding-top: 15px; border-top: 2px solid #4A2C2A;">
                  <span style="font-size: 14px; color: #7A4C4A;">Grand Total: </span>
                  <span style="font-size: 20px; font-weight: bold; color: #E6007E; font-family: Georgia, serif;">
                    Rs. 1,349
                  </span>
                </div>

                
                <div style="background-color: #FDF0F5; border-left: 4px solid #E6007E; padding: 15px; margin-top: 25px; border-radius: 8px;">
                  <p style="margin: 0; font-size: 12px; color: #4A2C2A;">
                    <strong>📱 JazzCash Advance Transfer:</strong> Please ensure your payment of <strong>Rs. 1,349</strong> has been transferred to <strong>0308 4977958</strong> (SusatBakes).
                  </p>
                </div>

                <div style="text-align: center; margin-top: 30px;">
                  <a href="https://wa.me/923706572463" style="background-color: #25D366; color: #ffffff; text-decoration: none; padding: 12px 25px; border-radius: 50px; font-size: 13px; font-weight: bold; display: inline-block;">
                    💬 Contact on WhatsApp (+92 370 6572463)
                  </a>
                </div>

              </td>
            </tr>

            <tr>
              <td style="background-color: #FFF5F9; padding: 20px; text-align: center; font-size: 11px; color: #7A4C4A; border-top: 1px solid #FCE4EC;">
                SusatBakes • Handcrafted Artisanal Bakery • Gujranwala, Pakistan<br>
                For changes, WhatsApp us at +92 370 6572463
              </td>
            </tr>
          </table>
        </td>
      </tr>
    </table>
  </body>
  </html>
  
------------------------------------------------------------
[2026-09-09T16:19:42.394Z] [NOTIFICATION] To: ruhabbbb@gmail.com | Subject: 🧁 SusatBakes Order Confirmation (#SB-779269) - Delivery on 2026-09-11

  <!DOCTYPE html>
  <html>
  <head>
    <meta charset="utf-8">
    <title>Your SusatBakes Pre-Order Confirmation</title>
  </head>
  <body style="background-color: #FDF0F5; font-family: 'Poppins', Helvetica, Arial, sans-serif; margin: 0; padding: 20px;">
    <table width="100%" border="0" cellspacing="0" cellpadding="0">
      <tr>
        <td align="center">
          <table width="600" style="background-color: #ffffff; border-radius: 24px; overflow: hidden; box-shadow: 0 4px 15px rgba(0,0,0,0.05); border: 1px solid #FCE4EC;" cellpadding="0" cellspacing="0">
            <tr>
              <td style="background-color: #4A2C2A; padding: 30px; text-align: center;">
                <h1 style="color: #ffffff; font-family: Georgia, serif; margin: 0; font-size: 26px;">🧁 SusatBakes</h1>
                <p style="color: #FF4DB2; margin: 5px 0 0 0; font-size: 12px; letter-spacing: 2px; text-transform: uppercase;">@susatbakes • Gujranwala</p>
              </td>
            </tr>

            <tr>
              <td style="padding: 30px 35px;">
                <h2 style="color: #4A2C2A; font-family: Georgia, serif; font-size: 20px; margin-top: 0;">
                  Thank You, ruhab! 🎉
                </h2>
                <p style="color: #7A4C4A; font-size: 13px; line-height: 1.6;">
                  We have received your pre-order. Our bakers will prepare your batch fresh in Gujranwala for your chosen bake date!
                </p>

                <div style="background-color: #FFF5F9; border-radius: 16px; padding: 20px; margin: 20px 0; border: 1px solid #FCE4EC;">
                  <table width="100%" style="font-size: 12px; color: #4A2C2A;">
                    <tr>
                      <td style="padding: 4px 0;"><strong>Order ID:</strong></td>
                      <td style="padding: 4px 0; text-align: right; color: #E6007E; font-weight: bold;">#SB-779269</td>
                    </tr>
                    <tr>
                      <td style="padding: 4px 0;"><strong>Bake Date:</strong></td>
                      <td style="padding: 4px 0; text-align: right;">2026-09-11</td>
                    </tr>
                    <tr>
                      <td style="padding: 4px 0;"><strong>Time Slot:</strong></td>
                      <td style="padding: 4px 0; text-align: right; text-transform: capitalize;">afternoon</td>
                    </tr>
                    <tr>
                      <td style="padding: 4px 0;"><strong>Delivery Address (Gujranwala):</strong></td>
                      <td style="padding: 4px 0; text-align: right;">68 Bishopthorpe Road</td>
                    </tr>
                    <tr>
                      <td style="padding: 4px 0;"><strong>Payment Method:</strong></td>
                      <td style="padding: 4px 0; text-align: right; font-weight: bold; color: #E6007E;">
                        JazzCash Advance Transfer (0308 4977958)
                      </td>
                    </tr>
                  </table>
                </div>

                <h3 style="color: #4A2C2A; font-size: 14px; margin-bottom: 10px;">Ordered Items:</h3>
                <table width="100%" style="font-size: 12px; border-collapse: collapse;">
                  <thead>
                    <tr style="border-bottom: 2px solid #E6007E; color: #4A2C2A; text-align: left;">
                      <th style="padding-bottom: 8px;">Item</th>
                      <th style="padding-bottom: 8px; text-align: center;">Qty</th>
                      <th style="padding-bottom: 8px; text-align: right;">Amount</th>
                    </tr>
                  </thead>
                  <tbody>
                    
      <tr style="border-bottom: 1px solid #FCE4EC;">
        <td style="padding: 10px 0; color: #4A2C2A;">
          <strong>Artisanal Brownies</strong> (Box of 4 - Chocolate Chip)
          
        </td>
        <td style="padding: 10px 0; text-align: center; color: #4A2C2A;">1</td>
        <td style="padding: 10px 0; text-align: right; color: #4A2C2A; font-weight: bold;">
          Rs. 1,349
        </td>
      </tr>
                  </tbody>
                </table>

                <div style="text-align: right; margin-top: 20px; padding-top: 15px; border-top: 2px solid #4A2C2A;">
                  <span style="font-size: 14px; color: #7A4C4A;">Grand Total: </span>
                  <span style="font-size: 20px; font-weight: bold; color: #E6007E; font-family: Georgia, serif;">
                    Rs. 1,349
                  </span>
                </div>

                
                <div style="background-color: #FDF0F5; border-left: 4px solid #E6007E; padding: 15px; margin-top: 25px; border-radius: 8px;">
                  <p style="margin: 0; font-size: 12px; color: #4A2C2A;">
                    <strong>📱 JazzCash Advance Transfer:</strong> Please ensure your payment of <strong>Rs. 1,349</strong> has been transferred to <strong>0308 4977958</strong> (SusatBakes).
                  </p>
                </div>

                <div style="text-align: center; margin-top: 30px;">
                  <a href="https://wa.me/923706572463" style="background-color: #25D366; color: #ffffff; text-decoration: none; padding: 12px 25px; border-radius: 50px; font-size: 13px; font-weight: bold; display: inline-block;">
                    💬 Contact on WhatsApp (+92 370 6572463)
                  </a>
                </div>

              </td>
            </tr>

            <tr>
              <td style="background-color: #FFF5F9; padding: 20px; text-align: center; font-size: 11px; color: #7A4C4A; border-top: 1px solid #FCE4EC;">
                SusatBakes • Handcrafted Artisanal Bakery • Gujranwala, Pakistan<br>
                For changes, WhatsApp us at +92 370 6572463
              </td>
            </tr>
          </table>
        </td>
      </tr>
    </table>
  </body>
  </html>
  
------------------------------------------------------------
[2026-09-09T17:06:30.771Z] [NOTIFICATION] To: ruhabwbutt06@gmail.com | Subject: 🧁 SusatBakes Order Confirmation (#SB-586606) - Delivery on 2026-09-13

  <!DOCTYPE html>
  <html>
  <head>
    <meta charset="utf-8">
    <title>Your SusatBakes Pre-Order Confirmation</title>
  </head>
  <body style="background-color: #FDF0F5; font-family: 'Poppins', Helvetica, Arial, sans-serif; margin: 0; padding: 20px;">
    <table width="100%" border="0" cellspacing="0" cellpadding="0">
      <tr>
        <td align="center">
          <table width="600" style="background-color: #ffffff; border-radius: 24px; overflow: hidden; box-shadow: 0 4px 15px rgba(0,0,0,0.05); border: 1px solid #FCE4EC;" cellpadding="0" cellspacing="0">
            <tr>
              <td style="background-color: #4A2C2A; padding: 30px; text-align: center;">
                <h1 style="color: #ffffff; font-family: Georgia, serif; margin: 0; font-size: 26px;">🧁 SusatBakes</h1>
                <p style="color: #FF4DB2; margin: 5px 0 0 0; font-size: 12px; letter-spacing: 2px; text-transform: uppercase;">@susatbakes • Gujranwala</p>
              </td>
            </tr>

            <tr>
              <td style="padding: 30px 35px;">
                <h2 style="color: #4A2C2A; font-family: Georgia, serif; font-size: 20px; margin-top: 0;">
                  Thank You, fozia! 🎉
                </h2>
                <p style="color: #7A4C4A; font-size: 13px; line-height: 1.6;">
                  We have received your pre-order. Our bakers will prepare your batch fresh in Gujranwala for your chosen bake date!
                </p>

                <div style="background-color: #FFF5F9; border-radius: 16px; padding: 20px; margin: 20px 0; border: 1px solid #FCE4EC;">
                  <table width="100%" style="font-size: 12px; color: #4A2C2A;">
                    <tr>
                      <td style="padding: 4px 0;"><strong>Order ID:</strong></td>
                      <td style="padding: 4px 0; text-align: right; color: #E6007E; font-weight: bold;">#SB-586606</td>
                    </tr>
                    <tr>
                      <td style="padding: 4px 0;"><strong>Bake Date:</strong></td>
                      <td style="padding: 4px 0; text-align: right;">2026-09-13</td>
                    </tr>
                    <tr>
                      <td style="padding: 4px 0;"><strong>Time Slot:</strong></td>
                      <td style="padding: 4px 0; text-align: right; text-transform: capitalize;">afternoon</td>
                    </tr>
                    <tr>
                      <td style="padding: 4px 0;"><strong>Delivery Address (Gujranwala):</strong></td>
                      <td style="padding: 4px 0; text-align: right;">Muhalla Raitanwala</td>
                    </tr>
                    <tr>
                      <td style="padding: 4px 0;"><strong>Payment Method:</strong></td>
                      <td style="padding: 4px 0; text-align: right; font-weight: bold; color: #E6007E;">
                        JazzCash Advance Transfer (0308 4977958)
                      </td>
                    </tr>
                  </table>
                </div>

                <h3 style="color: #4A2C2A; font-size: 14px; margin-bottom: 10px;">Ordered Items:</h3>
                <table width="100%" style="font-size: 12px; border-collapse: collapse;">
                  <thead>
                    <tr style="border-bottom: 2px solid #E6007E; color: #4A2C2A; text-align: left;">
                      <th style="padding-bottom: 8px;">Item</th>
                      <th style="padding-bottom: 8px; text-align: center;">Qty</th>
                      <th style="padding-bottom: 8px; text-align: right;">Amount</th>
                    </tr>
                  </thead>
                  <tbody>
                    
      <tr style="border-bottom: 1px solid #FCE4EC;">
        <td style="padding: 10px 0; color: #4A2C2A;">
          <strong>Nutella Lava Muffins</strong> (Box of 9)
          
        </td>
        <td style="padding: 10px 0; text-align: center; color: #4A2C2A;">1</td>
        <td style="padding: 10px 0; text-align: right; color: #4A2C2A; font-weight: bold;">
          Rs. 1,549
        </td>
      </tr>
                  </tbody>
                </table>

                <div style="text-align: right; margin-top: 20px; padding-top: 15px; border-top: 2px solid #4A2C2A;">
                  <span style="font-size: 14px; color: #7A4C4A;">Grand Total: </span>
                  <span style="font-size: 20px; font-weight: bold; color: #E6007E; font-family: Georgia, serif;">
                    Rs. 1,549
                  </span>
                </div>

                
                <div style="background-color: #FDF0F5; border-left: 4px solid #E6007E; padding: 15px; margin-top: 25px; border-radius: 8px;">
                  <p style="margin: 0; font-size: 12px; color: #4A2C2A;">
                    <strong>📱 JazzCash Advance Transfer:</strong> Please ensure your payment of <strong>Rs. 1,549</strong> has been transferred to <strong>0308 4977958</strong> (SusatBakes).
                  </p>
                </div>

                <div style="text-align: center; margin-top: 30px;">
                  <a href="https://wa.me/923706572463" style="background-color: #25D366; color: #ffffff; text-decoration: none; padding: 12px 25px; border-radius: 50px; font-size: 13px; font-weight: bold; display: inline-block;">
                    💬 Contact on WhatsApp (+92 370 6572463)
                  </a>
                </div>

              </td>
            </tr>

            <tr>
              <td style="background-color: #FFF5F9; padding: 20px; text-align: center; font-size: 11px; color: #7A4C4A; border-top: 1px solid #FCE4EC;">
                SusatBakes • Handcrafted Artisanal Bakery • Gujranwala, Pakistan<br>
                For changes, WhatsApp us at +92 370 6572463
              </td>
            </tr>
          </table>
        </td>
      </tr>
    </table>
  </body>
  </html>
  
------------------------------------------------------------
[2026-09-09T17:13:36.186Z] [NOTIFICATION] To: ruhabwbutt06@gmail.com | Subject: 🧁 SusatBakes Order Confirmation (#SB-012746) - Delivery on 2026-09-24

  <!DOCTYPE html>
  <html>
  <head>
    <meta charset="utf-8">
    <title>Your SusatBakes Pre-Order Confirmation</title>
  </head>
  <body style="background-color: #FDF0F5; font-family: 'Poppins', Helvetica, Arial, sans-serif; margin: 0; padding: 20px;">
    <table width="100%" border="0" cellspacing="0" cellpadding="0">
      <tr>
        <td align="center">
          <table width="600" style="background-color: #ffffff; border-radius: 24px; overflow: hidden; box-shadow: 0 4px 15px rgba(0,0,0,0.05); border: 1px solid #FCE4EC;" cellpadding="0" cellspacing="0">
            <tr>
              <td style="background-color: #4A2C2A; padding: 30px; text-align: center;">
                <h1 style="color: #ffffff; font-family: Georgia, serif; margin: 0; font-size: 26px;">🧁 SusatBakes</h1>
                <p style="color: #FF4DB2; margin: 5px 0 0 0; font-size: 12px; letter-spacing: 2px; text-transform: uppercase;">@susatbakes • Gujranwala</p>
              </td>
            </tr>

            <tr>
              <td style="padding: 30px 35px;">
                <h2 style="color: #4A2C2A; font-family: Georgia, serif; font-size: 20px; margin-top: 0;">
                  Thank You, Fozia! 🎉
                </h2>
                <p style="color: #7A4C4A; font-size: 13px; line-height: 1.6;">
                  We have received your pre-order. Our bakers will prepare your batch fresh in Gujranwala for your chosen bake date!
                </p>

                <div style="background-color: #FFF5F9; border-radius: 16px; padding: 20px; margin: 20px 0; border: 1px solid #FCE4EC;">
                  <table width="100%" style="font-size: 12px; color: #4A2C2A;">
                    <tr>
                      <td style="padding: 4px 0;"><strong>Order ID:</strong></td>
                      <td style="padding: 4px 0; text-align: right; color: #E6007E; font-weight: bold;">#SB-012746</td>
                    </tr>
                    <tr>
                      <td style="padding: 4px 0;"><strong>Bake Date:</strong></td>
                      <td style="padding: 4px 0; text-align: right;">2026-09-24</td>
                    </tr>
                    <tr>
                      <td style="padding: 4px 0;"><strong>Time Slot:</strong></td>
                      <td style="padding: 4px 0; text-align: right; text-transform: capitalize;">morning</td>
                    </tr>
                    <tr>
                      <td style="padding: 4px 0;"><strong>Delivery Address (Gujranwala):</strong></td>
                      <td style="padding: 4px 0; text-align: right;">Model Town</td>
                    </tr>
                    <tr>
                      <td style="padding: 4px 0;"><strong>Payment Method:</strong></td>
                      <td style="padding: 4px 0; text-align: right; font-weight: bold; color: #E6007E;">
                        JazzCash Advance Transfer (0308 4977958)
                      </td>
                    </tr>
                  </table>
                </div>

                <h3 style="color: #4A2C2A; font-size: 14px; margin-bottom: 10px;">Ordered Items:</h3>
                <table width="100%" style="font-size: 12px; border-collapse: collapse;">
                  <thead>
                    <tr style="border-bottom: 2px solid #E6007E; color: #4A2C2A; text-align: left;">
                      <th style="padding-bottom: 8px;">Item</th>
                      <th style="padding-bottom: 8px; text-align: center;">Qty</th>
                      <th style="padding-bottom: 8px; text-align: right;">Amount</th>
                    </tr>
                  </thead>
                  <tbody>
                    
      <tr style="border-bottom: 1px solid #FCE4EC;">
        <td style="padding: 10px 0; color: #4A2C2A;">
          <strong>Artisanal Brownies</strong> (Box of 9 - Chocolate Chip)
          
        </td>
        <td style="padding: 10px 0; text-align: center; color: #4A2C2A;">1</td>
        <td style="padding: 10px 0; text-align: right; color: #4A2C2A; font-weight: bold;">
          Rs. 1,999
        </td>
      </tr>
      <tr style="border-bottom: 1px solid #FCE4EC;">
        <td style="padding: 10px 0; color: #4A2C2A;">
          <strong>NYC Thick & Chewy Cookies</strong> (Box of 6 - Nutella Stuffed)
          
        </td>
        <td style="padding: 10px 0; text-align: center; color: #4A2C2A;">1</td>
        <td style="padding: 10px 0; text-align: right; color: #4A2C2A; font-weight: bold;">
          Rs. 1,399
        </td>
      </tr>
                  </tbody>
                </table>

                <div style="text-align: right; margin-top: 20px; padding-top: 15px; border-top: 2px solid #4A2C2A;">
                  <span style="font-size: 14px; color: #7A4C4A;">Grand Total: </span>
                  <span style="font-size: 20px; font-weight: bold; color: #E6007E; font-family: Georgia, serif;">
                    Rs. 3,398
                  </span>
                </div>

                
                <div style="background-color: #FDF0F5; border-left: 4px solid #E6007E; padding: 15px; margin-top: 25px; border-radius: 8px;">
                  <p style="margin: 0; font-size: 12px; color: #4A2C2A;">
                    <strong>📱 JazzCash Advance Transfer:</strong> Please ensure your payment of <strong>Rs. 3,398</strong> has been transferred to <strong>0308 4977958</strong> (SusatBakes).
                  </p>
                </div>

                <div style="text-align: center; margin-top: 30px;">
                  <a href="https://wa.me/923706572463" style="background-color: #25D366; color: #ffffff; text-decoration: none; padding: 12px 25px; border-radius: 50px; font-size: 13px; font-weight: bold; display: inline-block;">
                    💬 Contact on WhatsApp (+92 370 6572463)
                  </a>
                </div>

              </td>
            </tr>

            <tr>
              <td style="background-color: #FFF5F9; padding: 20px; text-align: center; font-size: 11px; color: #7A4C4A; border-top: 1px solid #FCE4EC;">
                SusatBakes • Handcrafted Artisanal Bakery • Gujranwala, Pakistan<br>
                For changes, WhatsApp us at +92 370 6572463
              </td>
            </tr>
          </table>
        </td>
      </tr>
    </table>
  </body>
  </html>
  
------------------------------------------------------------
[2026-09-09T17:15:43.144Z] [NOTIFICATION] To: ruhabwbutt06@gmail.com | Subject: 🧁 SusatBakes Order Confirmation (#SB-138839) - Delivery on 2026-09-18

  <!DOCTYPE html>
  <html>
  <head>
    <meta charset="utf-8">
    <title>Your SusatBakes Pre-Order Confirmation</title>
  </head>
  <body style="background-color: #FDF0F5; font-family: 'Poppins', Helvetica, Arial, sans-serif; margin: 0; padding: 20px;">
    <table width="100%" border="0" cellspacing="0" cellpadding="0">
      <tr>
        <td align="center">
          <table width="600" style="background-color: #ffffff; border-radius: 24px; overflow: hidden; box-shadow: 0 4px 15px rgba(0,0,0,0.05); border: 1px solid #FCE4EC;" cellpadding="0" cellspacing="0">
            <tr>
              <td style="background-color: #4A2C2A; padding: 30px; text-align: center;">
                <h1 style="color: #ffffff; font-family: Georgia, serif; margin: 0; font-size: 26px;">🧁 SusatBakes</h1>
                <p style="color: #FF4DB2; margin: 5px 0 0 0; font-size: 12px; letter-spacing: 2px; text-transform: uppercase;">@susatbakes • Gujranwala</p>
              </td>
            </tr>

            <tr>
              <td style="padding: 30px 35px;">
                <h2 style="color: #4A2C2A; font-family: Georgia, serif; font-size: 20px; margin-top: 0;">
                  Thank You, Abdul Waheed! 🎉
                </h2>
                <p style="color: #7A4C4A; font-size: 13px; line-height: 1.6;">
                  We have received your pre-order. Our bakers will prepare your batch fresh in Gujranwala for your chosen bake date!
                </p>

                <div style="background-color: #FFF5F9; border-radius: 16px; padding: 20px; margin: 20px 0; border: 1px solid #FCE4EC;">
                  <table width="100%" style="font-size: 12px; color: #4A2C2A;">
                    <tr>
                      <td style="padding: 4px 0;"><strong>Order ID:</strong></td>
                      <td style="padding: 4px 0; text-align: right; color: #E6007E; font-weight: bold;">#SB-138839</td>
                    </tr>
                    <tr>
                      <td style="padding: 4px 0;"><strong>Bake Date:</strong></td>
                      <td style="padding: 4px 0; text-align: right;">2026-09-18</td>
                    </tr>
                    <tr>
                      <td style="padding: 4px 0;"><strong>Time Slot:</strong></td>
                      <td style="padding: 4px 0; text-align: right; text-transform: capitalize;">afternoon</td>
                    </tr>
                    <tr>
                      <td style="padding: 4px 0;"><strong>Delivery Address (Gujranwala):</strong></td>
                      <td style="padding: 4px 0; text-align: right;">Muhalla Raitanwala St#2 near Sialkot sweets Gujranwala</td>
                    </tr>
                    <tr>
                      <td style="padding: 4px 0;"><strong>Payment Method:</strong></td>
                      <td style="padding: 4px 0; text-align: right; font-weight: bold; color: #E6007E;">
                        JazzCash Advance Transfer (0308 4977958)
                      </td>
                    </tr>
                  </table>
                </div>

                <h3 style="color: #4A2C2A; font-size: 14px; margin-bottom: 10px;">Ordered Items:</h3>
                <table width="100%" style="font-size: 12px; border-collapse: collapse;">
                  <thead>
                    <tr style="border-bottom: 2px solid #E6007E; color: #4A2C2A; text-align: left;">
                      <th style="padding-bottom: 8px;">Item</th>
                      <th style="padding-bottom: 8px; text-align: center;">Qty</th>
                      <th style="padding-bottom: 8px; text-align: right;">Amount</th>
                    </tr>
                  </thead>
                  <tbody>
                    
      <tr style="border-bottom: 1px solid #FCE4EC;">
        <td style="padding: 10px 0; color: #4A2C2A;">
          <strong>Classic Banana Bread Loaf</strong> (1.5 lb Loaf)
          
        </td>
        <td style="padding: 10px 0; text-align: center; color: #4A2C2A;">1</td>
        <td style="padding: 10px 0; text-align: right; color: #4A2C2A; font-weight: bold;">
          Rs. 1,549
        </td>
      </tr>
                  </tbody>
                </table>

                <div style="text-align: right; margin-top: 20px; padding-top: 15px; border-top: 2px solid #4A2C2A;">
                  <span style="font-size: 14px; color: #7A4C4A;">Grand Total: </span>
                  <span style="font-size: 20px; font-weight: bold; color: #E6007E; font-family: Georgia, serif;">
                    Rs. 1,549
                  </span>
                </div>

                
                <div style="background-color: #FDF0F5; border-left: 4px solid #E6007E; padding: 15px; margin-top: 25px; border-radius: 8px;">
                  <p style="margin: 0; font-size: 12px; color: #4A2C2A;">
                    <strong>📱 JazzCash Advance Transfer:</strong> Please ensure your payment of <strong>Rs. 1,549</strong> has been transferred to <strong>0308 4977958</strong> (SusatBakes).
                  </p>
                </div>

                <div style="text-align: center; margin-top: 30px;">
                  <a href="https://wa.me/923706572463" style="background-color: #25D366; color: #ffffff; text-decoration: none; padding: 12px 25px; border-radius: 50px; font-size: 13px; font-weight: bold; display: inline-block;">
                    💬 Contact on WhatsApp (+92 370 6572463)
                  </a>
                </div>

              </td>
            </tr>

            <tr>
              <td style="background-color: #FFF5F9; padding: 20px; text-align: center; font-size: 11px; color: #7A4C4A; border-top: 1px solid #FCE4EC;">
                SusatBakes • Handcrafted Artisanal Bakery • Gujranwala, Pakistan<br>
                For changes, WhatsApp us at +92 370 6572463
              </td>
            </tr>
          </table>
        </td>
      </tr>
    </table>
  </body>
  </html>
  
------------------------------------------------------------
[2026-09-09T17:51:51.760Z] [NOTIFICATION] To: ruhabbbb@gmail.com | Subject: 🧁 SusatBakes Order Confirmation (#SB-308546) - Delivery on 2026-09-30

  <!DOCTYPE html>
  <html>
  <head>
    <meta charset="utf-8">
    <title>Your SusatBakes Pre-Order Confirmation</title>
  </head>
  <body style="background-color: #FDF0F5; font-family: 'Poppins', Helvetica, Arial, sans-serif; margin: 0; padding: 20px;">
    <table width="100%" border="0" cellspacing="0" cellpadding="0">
      <tr>
        <td align="center">
          <table width="600" style="background-color: #ffffff; border-radius: 24px; overflow: hidden; box-shadow: 0 4px 15px rgba(0,0,0,0.05); border: 1px solid #FCE4EC;" cellpadding="0" cellspacing="0">
            <tr>
              <td style="background-color: #4A2C2A; padding: 30px; text-align: center;">
                <h1 style="color: #ffffff; font-family: Georgia, serif; margin: 0; font-size: 26px;">🧁 SusatBakes</h1>
                <p style="color: #FF4DB2; margin: 5px 0 0 0; font-size: 12px; letter-spacing: 2px; text-transform: uppercase;">@susatbakes • Gujranwala</p>
              </td>
            </tr>

            <tr>
              <td style="padding: 30px 35px;">
                <h2 style="color: #4A2C2A; font-family: Georgia, serif; font-size: 20px; margin-top: 0;">
                  Thank You, ruhab! 🎉
                </h2>
                <p style="color: #7A4C4A; font-size: 13px; line-height: 1.6;">
                  We have received your pre-order. Our bakers will prepare your batch fresh in Gujranwala for your chosen bake date!
                </p>

                <div style="background-color: #FFF5F9; border-radius: 16px; padding: 20px; margin: 20px 0; border: 1px solid #FCE4EC;">
                  <table width="100%" style="font-size: 12px; color: #4A2C2A;">
                    <tr>
                      <td style="padding: 4px 0;"><strong>Order ID:</strong></td>
                      <td style="padding: 4px 0; text-align: right; color: #E6007E; font-weight: bold;">#SB-308546</td>
                    </tr>
                    <tr>
                      <td style="padding: 4px 0;"><strong>Bake Date:</strong></td>
                      <td style="padding: 4px 0; text-align: right;">2026-09-30</td>
                    </tr>
                    <tr>
                      <td style="padding: 4px 0;"><strong>Time Slot:</strong></td>
                      <td style="padding: 4px 0; text-align: right; text-transform: capitalize;">afternoon</td>
                    </tr>
                    <tr>
                      <td style="padding: 4px 0;"><strong>Delivery Address (Gujranwala):</strong></td>
                      <td style="padding: 4px 0; text-align: right;">68 Bishopthorpe Road</td>
                    </tr>
                    <tr>
                      <td style="padding: 4px 0;"><strong>Payment Method:</strong></td>
                      <td style="padding: 4px 0; text-align: right; font-weight: bold; color: #E6007E;">
                        JazzCash Advance Transfer (0308 4977958)
                      </td>
                    </tr>
                  </table>
                </div>

                <h3 style="color: #4A2C2A; font-size: 14px; margin-bottom: 10px;">Ordered Items:</h3>
                <table width="100%" style="font-size: 12px; border-collapse: collapse;">
                  <thead>
                    <tr style="border-bottom: 2px solid #E6007E; color: #4A2C2A; text-align: left;">
                      <th style="padding-bottom: 8px;">Item</th>
                      <th style="padding-bottom: 8px; text-align: center;">Qty</th>
                      <th style="padding-bottom: 8px; text-align: right;">Amount</th>
                    </tr>
                  </thead>
                  <tbody>
                    
      <tr style="border-bottom: 1px solid #FCE4EC;">
        <td style="padding: 10px 0; color: #4A2C2A;">
          <strong>Hello World!</strong> (Standard)
          
        </td>
        <td style="padding: 10px 0; text-align: center; color: #4A2C2A;">1</td>
        <td style="padding: 10px 0; text-align: right; color: #4A2C2A; font-weight: bold;">
          Rs. 1,299
        </td>
      </tr>
                  </tbody>
                </table>

                <div style="text-align: right; margin-top: 20px; padding-top: 15px; border-top: 2px solid #4A2C2A;">
                  <span style="font-size: 14px; color: #7A4C4A;">Grand Total: </span>
                  <span style="font-size: 20px; font-weight: bold; color: #E6007E; font-family: Georgia, serif;">
                    Rs. 1,299
                  </span>
                </div>

                
                <div style="background-color: #FDF0F5; border-left: 4px solid #E6007E; padding: 15px; margin-top: 25px; border-radius: 8px;">
                  <p style="margin: 0; font-size: 12px; color: #4A2C2A;">
                    <strong>📱 JazzCash Advance Transfer:</strong> Please ensure your payment of <strong>Rs. 1,299</strong> has been transferred to <strong>0308 4977958</strong> (SusatBakes).
                  </p>
                </div>

                <div style="text-align: center; margin-top: 30px;">
                  <a href="https://wa.me/923706572463" style="background-color: #25D366; color: #ffffff; text-decoration: none; padding: 12px 25px; border-radius: 50px; font-size: 13px; font-weight: bold; display: inline-block;">
                    💬 Contact on WhatsApp (+92 370 6572463)
                  </a>
                </div>

              </td>
            </tr>

            <tr>
              <td style="background-color: #FFF5F9; padding: 20px; text-align: center; font-size: 11px; color: #7A4C4A; border-top: 1px solid #FCE4EC;">
                SusatBakes • Handcrafted Artisanal Bakery • Gujranwala, Pakistan<br>
                For changes, WhatsApp us at +92 370 6572463
              </td>
            </tr>
          </table>
        </td>
      </tr>
    </table>
  </body>
  </html>
  
------------------------------------------------------------
